// Jest Snapshot v1, https://goo.gl/fbAQLP

exports[`Pruebas en el <GifItem/> debe de hacer match con el snapshot 1`] = `
<div>
  <div
    class="card"
  >
    <div>
      Saitama
    </div>
    <img
      alt="Saitama"
      src="https://one-punch.com/saitama.jpg"
    />
  </div>
</div>
`;
